this shouldn't be uploaded to the remote
